// Jest Snapshot v1, https://goo.gl/fbAQLP

exports[`works without crashing 1`] = `
<h1>
  Hello World!
</h1>
`;
